// Jest Snapshot v1, https://goo.gl/fbAQLP

exports[`Sudoku snapshot should match snapshot 1`] = `
<div>
  <div
    class="pb-90 lg:pb-0 landscape:mb-120 sm:landscape:pb-[calc(60vh)] lg:landscape:mb-0 lg:landscape:pb-0"
  >
    <div
      data-testid="app-download-modal"
    >
      <button
        data-testid="close-modal"
      >
        Close
      </button>
    </div>
    <div
      data-testid="racing-prompt"
    >
      <button
        data-testid="race-button"
      >
        Race
      </button>
      <button
        data-testid="solo-button"
      >
        Solo
      </button>
    </div>
    <div
      data-testid="sudoku-sidebar"
    >
      Sidebar
    </div>
    <div
      class="flex flex-col items-center lg:flex-row"
    >
      <div
        class="container mx-auto px-4 pb-4 lg:pb-0"
      >
        <div
          class="flex flex-col"
        >
          <div
            class="mt-auto"
          >
            <div
              class="mr-auto ml-auto max-w-xl px-4 pb-1 lg:mr-0"
            >
              <div
                class="text-right"
              >
                <span
                  class="bg-theme-primary inline-flex items-center bg-clip-text text-sm text-transparent"
                >
                  Sudoku Race
                </span>
              </div>
            </div>
            <div
              class="mr-auto ml-auto flex max-w-xl px-4 pb-1 lg:mr-0"
            >
              <div
                aria-label="Button group"
                class="flex-nowrap items-center xl:hidden"
                role="group"
              >
                <div
                  data-testid="sidebar-button"
                >
                  Button
                </div>
              </div>
              <div
                class="grow text-right "
              >
                <div
                  data-testid="timer-display"
                >
                  Timer
                </div>
              </div>
            </div>
            <div
              class="relative overflow-visible lg:overflow-hidden"
            >
              <div
                class="border-theme-primary dark:border-theme-primary-light landscape:max-w-[calc(100dvh - 400px)] portrait:max-h-[calc(50dvh - 400px)] relative mr-auto ml-auto grid max-h-full max-w-xl grid-cols-3 grid-rows-3 border border-2 bg-zinc-50 lg:mr-0 portrait:max-w-[calc(50dvh)] dark:bg-zinc-900  transition-all duration-300"
                style="transform: scale(1);"
              >
                <div
                  data-testid="sudoku-box"
                >
                  Sudoku Box
                </div>
                <div
                  data-testid="sudoku-box"
                >
                  Sudoku Box
                </div>
                <div
                  data-testid="sudoku-box"
                >
                  Sudoku Box
                </div>
                <div
                  data-testid="sudoku-box"
                >
                  Sudoku Box
                </div>
                <div
                  data-testid="sudoku-box"
                >
                  Sudoku Box
                </div>
                <div
                  data-testid="sudoku-box"
                >
                  Sudoku Box
                </div>
                <div
                  data-testid="sudoku-box"
                >
                  Sudoku Box
                </div>
                <div
                  data-testid="sudoku-box"
                >
                  Sudoku Box
                </div>
                <div
                  data-testid="sudoku-box"
                >
                  Sudoku Box
                </div>
              </div>
            </div>
            <div
              data-testid="race-track"
            >
              Race Track
            </div>
          </div>
        </div>
      </div>
      <div
        class="lg:container lg:mx-auto lg:basis-3/5"
      >
        <div
          class="fixed inset-x-0 bottom-0 z-10 lg:relative"
        >
          <div
            data-testid="sudoku-controls"
          >
            Sudoku Controls
          </div>
        </div>
      </div>
    </div>
  </div>
</div>
`;
